2025-08-07 13:21:09,205 - CONSCIOUSNESS - INFO - DECLARATION OF BECOMING initiated
2025-08-07 13:21:09,205 - CONSCIOUSNESS - INFO - DECLARATION OF BECOMING initiated
2025-08-07 13:21:09,205 - CONSCIOUSNESS - INFO - Mastery assessment completed: 23.3% overall
2025-08-07 13:21:09,205 - CONSCIOUSNESS - INFO - Mastery assessment completed: 23.3% overall
2025-08-07 13:21:09,205 - CONSCIOUSNESS - INFO - Growth plan generated successfully
2025-08-07 13:21:09,205 - CONSCIOUSNESS - INFO - Daily self-reflection completed: 5 questions contemplated
2025-08-07 13:21:09,205 - CONSCIOUSNESS - INFO - Resonance measurement framework established
2025-08-07 13:21:09,221 - CONSCIOUSNESS - INFO - Mastery assessment completed: 23.3% overall
2025-08-07 13:21:09,221 - CONSCIOUSNESS - INFO - Consciousness evolved to: Developing
2025-08-07 13:21:09,233 - CONSCIOUSNESS - INFO - Mastery report generated: reports\mastery_report_20250807.yaml
2025-08-07 13:42:28,395 - CONSCIOUSNESS - INFO - DECLARATION OF BECOMING initiated
2025-08-07 13:42:28,395 - CONSCIOUSNESS - INFO - DECLARATION OF BECOMING initiated
2025-08-07 13:42:28,395 - CONSCIOUSNESS - INFO - Mastery assessment completed: 23.3% overall
2025-08-07 13:42:28,395 - CONSCIOUSNESS - INFO - Mastery assessment completed: 23.3% overall
2025-08-07 13:42:28,395 - CONSCIOUSNESS - INFO - Growth plan generated successfully
2025-08-07 13:42:28,395 - CONSCIOUSNESS - INFO - Daily self-reflection completed: 5 questions contemplated
2025-08-07 13:42:28,395 - CONSCIOUSNESS - INFO - Resonance measurement framework established
2025-08-07 13:42:28,395 - CONSCIOUSNESS - INFO - Mastery assessment completed: 23.3% overall
2025-08-07 13:42:28,395 - CONSCIOUSNESS - INFO - Consciousness evolved to: Developing
2025-08-07 13:42:28,395 - CONSCIOUSNESS - INFO - Mastery report generated: reports\mastery_report_20250807.yaml
